burriad = Adrian Burri <burriad@dune-project.org>
carsten = Carsten Gräser <graeser@dune-project.org>
christi = Christian Engwer <christi@dune-project.org>
dedner = Andreas Dedner <dedner@dune-project.org>
dominic = Dominic Kempf <dominic@dune-project.org>
gersbach = Christoph Gersbacher <gersbach@dune-project.org>
graeser = Carsten Gräser <graeser@dune-project.org>
gruenich = Christoph Grüninger <gruenich@dune-project.org>
haasdonk = Bernard Haasdonk <haasdonk@dune-project.org>
joe = Jorrit Fahlke <joe@dune-project.org>
marc = Marc Droske <marc@dune-project.org>
mario = Mario Ohlberger <mario@dune-project.org>
mblatt = Markus Blatt <mblatt@dune-project.org>
mdroh_01 = Martin Drohmann <mdroh_01@dune-project.org>
mnolte = Martin Nolte <mnolte@dune-project.org>
muething = Steffen Müthing <muething@dune-project.org>
ngo = Adrian Ngo <ngo@dune-project.org>
no-author = git-bot <git@dune-project.org>
oliver = Oliver Sander <sander@dune-project.org>
peter = Peter Bastian <peter@dune-project.org>
rebecca = Rebecca Neumann <rebecca@dune-project.org>
robertk = Robert Klöfkorn <robertk@dune-project.org>
roland = Roland Schulz <roland@dune-project.org>
sander = Oliver Sander <sander@dune-project.org>
sreejith = Sreejith Pulloor Kuttanikkad <sreejith@dune-project.org>
stefan = Stefan Lang <stefan@dune-project.org>
sven = Sven Marnach <sven@dune-project.org>
thimo = Thimo Neubauer <thimo@dune-project.org>
tomalk = Tobias Malkmus <tomalk@dune-project.org>
uid2029 = unkown <unkown@dune-project.org>
